// Jest Snapshot v1, https://goo.gl/fbAQLP

exports[`Cart Page should match snapshot 1`] = `
<DocumentFragment>
  <section>
    <div>
      Navbar
    </div>
    <div>
      CartItemsContainer
    </div>
    <div>
      Footer
    </div>
  </section>
</DocumentFragment>
`;

exports[`Cart should match snapshot 1`] = `
<DocumentFragment>
  <section>
    <div>
      Navbar
    </div>
    <div>
      CartItemsContainer
    </div>
    <div>
      Footer
    </div>
  </section>
</DocumentFragment>
`;
